"","evar"
"29-B1",0.382224281169339
"30-B1",0.416146953677372
"31-B2",0.353233121103272
"32-B3",0.380013531627864
"33-B1",0.146963379576231
"34-B1",0.0883276837925302
"35-B2",0.307953929803275
"36-B3",0.404802978293604
"37-B1",0.482678003899277
"38-B2",0.348601995775082
"39-B3",0.391660299629336
"40-B1",0.386279980160046
"41-B2",0.540449651119764
"42-B3",0.354847612515251
"44-B2",0.11249838652736
"45-B3",0.317827236415928
"46-B1",0.580721583591443
"47-B2",0.1801152934584
"48-B3",0.324826932928195
"49-B1",0.50106595487009
"50-B2",0.387941444520076
"52-B1",0.325925551010904
"53-B2",0.306641975596868
"54-B3",0.201848153664387
